[    0.000000] Initializing cgroup subsys cpuset
[    0.000000] Initializing cgroup subsys cpu
[    0.000000] Initializing cgroup subsys cpuacct
[    0.000000] Linux version 4.4.0-141-generic (buildd@lcy01-amd64-006) (gcc version 5.4.0 20160609 (Ubuntu 5.4.0-6ubuntu1~16.04.10) ) #167-Ubuntu SMP Wed Dec 5 10:40:15 UTC 2018 (Ubuntu 4.4.0-141.167-generic 4.4.162)
[    0.000000] Command line: BOOT_IMAGE=/boot/vmlinuz-4.4.0-141-generic root=LABEL=cloudimg-rootfs ro console=tty1 console=ttyS0
[    0.000000] KERNEL supported cpus:
[    0.000000]   Intel GenuineIntel
[    0.000000]   AMD AuthenticAMD
[    0.000000]   Centaur CentaurHauls
[    0.000000] x86/fpu: xstate_offset[2]:  576, xstate_sizes[2]:  256
[    0.000000] x86/fpu: Supporting XSAVE feature 0x01: 'x87 floating point registers'
[    0.000000] x86/fpu: Supporting XSAVE feature 0x02: 'SSE registers'
[    0.000000] x86/fpu: Supporting XSAVE feature 0x04: 'AVX registers'
[    0.000000] x86/fpu: Enabled xstate features 0x7, context size is 832 bytes, using 'standard' format.
[    0.000000] e820: BIOS-provided physical RAM map:
[    0.000000] BIOS-e820: [mem 0x0000000000000000-0x000000000009fbff] usable
[    0.000000] BIOS-e820: [mem 0x000000000009fc00-0x000000000009ffff] reserved
[    0.000000] BIOS-e820: [mem 0x00000000000f0000-0x00000000000fffff] reserved
[    0.000000] BIOS-e820: [mem 0x0000000000100000-0x00000000dffeffff] usable
[    0.000000] BIOS-e820: [mem 0x00000000dfff0000-0x00000000dfffffff] ACPI data
[    0.000000] BIOS-e820: [mem 0x00000000fec00000-0x00000000fec00fff] reserved
[    0.000000] BIOS-e820: [mem 0x00000000fee00000-0x00000000fee00fff] reserved
[    0.000000] BIOS-e820: [mem 0x00000000fffc0000-0x00000000ffffffff] reserved
[    0.000000] BIOS-e820: [mem 0x0000000100000000-0x000000011fffffff] usable
[    0.000000] NX (Execute Disable) protection: active
[    0.000000] SMBIOS 2.5 present.
[    0.000000] Hypervisor detected: KVM
[    0.000000] e820: last_pfn = 0x120000 max_arch_pfn = 0x400000000
[    0.000000] MTRR: Disabled
[    0.000000] x86/PAT: MTRRs disabled, skipping PAT initialization too.
[    0.000000] CPU MTRRs all blank - virtualized system.
[    0.000000] x86/PAT: Configuration [0-7]: WB  WT  UC- UC  WB  WT  UC- UC  
[    0.000000] e820: last_pfn = 0xdfff0 max_arch_pfn = 0x400000000
[    0.000000] found SMP MP-table at [mem 0x0009fff0-0x0009ffff] mapped at [ffff88000009fff0]
[    0.000000] Scanning 1 areas for low memory corruption
[    0.000000] RAMDISK: [mem 0x3630a000-0x3717cfff]
[    0.000000] ACPI: Early table checksum verification disabled
[    0.000000] ACPI: RSDP 0x00000000000E0000 000024 (v02 VBOX  )
[    0.000000] ACPI: XSDT 0x00000000DFFF0030 00003C (v01 VBOX   VBOXXSDT 00000001 ASL  00000061)
[    0.000000] ACPI: FACP 0x00000000DFFF00F0 0000F4 (v04 VBOX   VBOXFACP 00000001 ASL  00000061)
[    0.000000] ACPI: DSDT 0x00000000DFFF0470 0021FF (v02 VBOX   VBOXBIOS 00000002 INTL 20100528)
[    0.000000] ACPI: FACS 0x00000000DFFF0200 000040
[    0.000000] ACPI: FACS 0x00000000DFFF0200 000040
[    0.000000] ACPI: APIC 0x00000000DFFF0240 00005C (v02 VBOX   VBOXAPIC 00000001 ASL  00000061)
[    0.000000] ACPI: SSDT 0x00000000DFFF02A0 0001CC (v01 VBOX   VBOXCPUT 00000002 INTL 20100528)
[    0.000000] No NUMA configuration found
[    0.000000] Faking a node at [mem 0x0000000000000000-0x000000011fffffff]
[    0.000000] NODE_DATA(0) allocated [mem 0x11fff7000-0x11fffbfff]
[    0.000000] kvm-clock: Using msrs 4b564d01 and 4b564d00
[    0.000000] kvm-clock: cpu 0, msr 1:1ffef001, primary cpu clock
[    0.000000] kvm-clock: using sched offset of 3099036071 cycles
[    0.000000] clocksource: kvm-clock: mask: 0xffffffffffffffff max_cycles: 0x1cd42e4dffb, max_idle_ns: 881590591483 ns
[    0.000000] Zone ranges:
[    0.000000]   DMA      [mem 0x0000000000001000-0x0000000000ffffff]
[    0.000000]   DMA32    [mem 0x0000000001000000-0x00000000ffffffff]
[    0.000000]   Normal   [mem 0x0000000100000000-0x000000011fffffff]
[    0.000000]   Device   empty
[    0.000000] Movable zone start for each node
[    0.000000] Early memory node ranges
[    0.000000]   node   0: [mem 0x0000000000001000-0x000000000009efff]
[    0.000000]   node   0: [mem 0x0000000000100000-0x00000000dffeffff]
[    0.000000]   node   0: [mem 0x0000000100000000-0x000000011fffffff]
[    0.000000] Initmem setup node 0 [mem 0x0000000000001000-0x000000011fffffff]
[    0.000000] ACPI: PM-Timer IO Port: 0x4008
[    0.000000] IOAPIC[0]: apic_id 2, version 32, address 0xfec00000, GSI 0-23
[    0.000000] ACPI: INT_SRC_OVR (bus 0 bus_irq 0 global_irq 2 dfl dfl)
[    0.000000] ACPI: INT_SRC_OVR (bus 0 bus_irq 9 global_irq 9 low level)
[    0.000000] Using ACPI (MADT) for SMP configuration information
[    0.000000] smpboot: Allowing 2 CPUs, 0 hotplug CPUs
[    0.000000] PM: Registered nosave memory: [mem 0x00000000-0x00000fff]
[    0.000000] PM: Registered nosave memory: [mem 0x0009f000-0x0009ffff]
[    0.000000] PM: Registered nosave memory: [mem 0x000a0000-0x000effff]
[    0.000000] PM: Registered nosave memory: [mem 0x000f0000-0x000fffff]
[    0.000000] PM: Registered nosave memory: [mem 0xdfff0000-0xdfffffff]
[    0.000000] PM: Registered nosave memory: [mem 0xe0000000-0xfebfffff]
[    0.000000] PM: Registered nosave memory: [mem 0xfec00000-0xfec00fff]
[    0.000000] PM: Registered nosave memory: [mem 0xfec01000-0xfedfffff]
[    0.000000] PM: Registered nosave memory: [mem 0xfee00000-0xfee00fff]
[    0.000000] PM: Registered nosave memory: [mem 0xfee01000-0xfffbffff]
[    0.000000] PM: Registered nosave memory: [mem 0xfffc0000-0xffffffff]
[    0.000000] e820: [mem 0xe0000000-0xfebfffff] available for PCI devices
[    0.000000] Booting paravirtualized kernel on KVM
[    0.000000] clocksource: refined-jiffies: mask: 0xffffffff max_cycles: 0xffffffff, max_idle_ns: 7645519600211568 ns
[    0.000000] setup_percpu: NR_CPUS:512 nr_cpumask_bits:512 nr_cpu_ids:2 nr_node_ids:1
[    0.000000] PERCPU: Embedded 34 pages/cpu @ffff88011fc00000 s99608 r8192 d31464 u1048576
[    0.000000] PV qspinlock hash table entries: 256 (order: 0, 4096 bytes)
[    0.000000] Built 1 zonelists in Node order, mobility grouping on.  Total pages: 1032056
[    0.000000] Policy zone: Normal
[    0.000000] Kernel command line: BOOT_IMAGE=/boot/vmlinuz-4.4.0-141-generic root=LABEL=cloudimg-rootfs ro console=tty1 console=ttyS0
[    0.000000] PID hash table entries: 4096 (order: 3, 32768 bytes)
[    0.000000] Memory: 4028220K/4193848K available (8568K kernel code, 1314K rwdata, 4008K rodata, 1528K init, 1316K bss, 165628K reserved, 0K cma-reserved)
[    0.000000] SLUB: HWalign=64, Order=0-3, MinObjects=0, CPUs=2, Nodes=1
[    0.000000] Kernel/User page tables isolation: enabled
[    0.000000] Hierarchical RCU implementation.
[    0.000000] 	Build-time adjustment of leaf fanout to 64.
[    0.000000] 	RCU restricting CPUs from NR_CPUS=512 to nr_cpu_ids=2.
[    0.000000] RCU: Adjusting geometry for rcu_fanout_leaf=64, nr_cpu_ids=2
[    0.000000] NR_IRQS:33024 nr_irqs:440 16
[    0.000000] Console: colour VGA+ 80x25
[    0.000000] console [tty1] enabled
[    0.000000] console [ttyS0] enabled
[    0.000000] tsc: Detected 4200.000 MHz processor
[    0.171272] Calibrating delay loop (skipped) preset value.. 8400.00 BogoMIPS (lpj=16800000)
[    0.172925] pid_max: default: 32768 minimum: 301
[    0.173813] ACPI: Core revision 20150930
[    0.176142] ACPI: 2 ACPI AML tables successfully acquired and loaded
[    0.177410] Security Framework initialized
[    0.178305] Yama: becoming mindful.
[    0.179049] AppArmor: AppArmor initialized
[    0.180659] Dentry cache hash table entries: 524288 (order: 10, 4194304 bytes)
[    0.183127] Inode-cache hash table entries: 262144 (order: 9, 2097152 bytes)
[    0.184495] Mount-cache hash table entries: 8192 (order: 4, 65536 bytes)
[    0.185678] Mountpoint-cache hash table entries: 8192 (order: 4, 65536 bytes)
[    0.187353] Initializing cgroup subsys io
[    0.188163] Initializing cgroup subsys memory
[    0.189012] Initializing cgroup subsys devices
[    0.189864] Initializing cgroup subsys freezer
[    0.190747] Initializing cgroup subsys net_cls
[    0.191607] Initializing cgroup subsys perf_event
[    0.192498] Initializing cgroup subsys net_prio
[    0.193374] Initializing cgroup subsys hugetlb
[    0.194243] Initializing cgroup subsys pids
[    0.195955] mce: CPU supports 0 MCE banks
[    0.196753] Last level iTLB entries: 4KB 64, 2MB 8, 4MB 8
[    0.197729] Last level dTLB entries: 4KB 64, 2MB 0, 4MB 0, 1GB 4
[    0.198803] Spectre V2 : Mitigation: Full generic retpoline
[    0.199772] Spectre V2 : Spectre v2 mitigation: Speculation control IBPB not-supported IBRS not-supported
[    0.201288] Spectre V2 : Spectre v2 / SpectreRSB mitigation: Filling RSB on context switch
[    0.203127] Speculative Store Bypass: Vulnerable
[    0.205961] Freeing SMP alternatives memory: 32K
[    0.213044] ftrace: allocating 32291 entries in 127 pages
[    0.255966] smpboot: APIC(0) Converting physical 0 to logical package 0
[    0.257093] smpboot: Max logical packages: 1
[    0.258171] x2apic enabled
[    0.259024] Switched APIC routing to physical x2apic.
[    0.261039] ..TIMER: vector=0x30 apic1=0 pin1=2 apic2=-1 pin2=-1
[    0.367093] smpboot: CPU0: Intel(R) Core(TM) i7-7700K CPU @ 4.20GHz (family: 0x6, model: 0x9e, stepping: 0x9)
[    0.369053] Performance Events: unsupported p6 CPU model 158 no PMU driver, software events only.
[    0.370815] KVM setup paravirtual spinlock
[    0.372113] x86: Booting SMP configuration:
[    0.372937] .... node  #0, CPUs:      #1
[    0.373743] kvm-clock: cpu 1, msr 1:1ffef041, secondary cpu clock
[    0.375387] mce: CPU supports 0 MCE banks
[    0.377871] x86: Booted up 1 node, 2 CPUs
[    0.378870] smpboot: Total of 2 processors activated (16800.00 BogoMIPS)
[    0.380337] devtmpfs: initialized
[    0.382303] evm: security.selinux
[    0.383023] evm: security.SMACK64
[    0.383716] evm: security.SMACK64EXEC
[    0.384445] evm: security.SMACK64TRANSMUTE
[    0.385246] evm: security.SMACK64MMAP
[    0.386012] evm: security.ima
[    0.386653] evm: security.capability
[    0.387476] clocksource: jiffies: mask: 0xffffffff max_cycles: 0xffffffff, max_idle_ns: 7645041785100000 ns
[    0.389224] futex hash table entries: 512 (order: 3, 32768 bytes)
[    0.390401] pinctrl core: initialized pinctrl subsystem
[    0.391564] RTC time:  3:06:27, date: 01/20/19
[    0.392540] NET: Registered protocol family 16
[    0.403176] cpuidle: using governor ladder
[    0.414896] cpuidle: using governor menu
[    0.415675] PCCT header not found.
[    0.416414] ACPI: bus type PCI registered
[    0.417208] acpiphp: ACPI Hot Plug PCI Controller Driver version: 0.5
[    0.418405] PCI: Using configuration type 1 for base access
[    0.431870] ACPI: Added _OSI(Module Device)
[    0.432685] ACPI: Added _OSI(Processor Device)
[    0.433550] ACPI: Added _OSI(3.0 _SCP Extensions)
[    0.434450] ACPI: Added _OSI(Processor Aggregator Device)
[    0.435969] ACPI: Executed 1 blocks of module-level executable AML code
[    0.438995] ACPI: Interpreter enabled
[    0.439751] ACPI: (supports S0 S5)
[    0.440424] ACPI: Using IOAPIC for interrupt routing
[    0.441485] PCI: Using host bridge windows from ACPI; if necessary, use "pci=nocrs" and report a bug
[    0.446077] ACPI: PCI Root Bridge [PCI0] (domain 0000 [bus 00-ff])
[    0.447165] acpi PNP0A03:00: _OSC: OS supports [ASPM ClockPM Segments MSI]
[    0.448329] acpi PNP0A03:00: _OSC: not requesting OS control; OS requires [ExtendedConfig ASPM ClockPM MSI]
[    0.450085] acpi PNP0A03:00: fail to add MMCONFIG information, can't access extended PCI configuration space under this bridge.
[    0.452270] PCI host bridge to bus 0000:00
[    0.462605] pci_bus 0000:00: root bus resource [io  0x0000-0x0cf7 window]
[    0.463795] pci_bus 0000:00: root bus resource [io  0x0d00-0xffff window]
[    0.464958] pci_bus 0000:00: root bus resource [mem 0x000a0000-0x000bffff window]
[    0.466402] pci_bus 0000:00: root bus resource [mem 0xe0000000-0xfdffffff window]
[    0.467865] pci_bus 0000:00: root bus resource [bus 00-ff]
[    0.470208] pci 0000:00:01.1: legacy IDE quirk: reg 0x10: [io  0x01f0-0x01f7]
[    0.471424] pci 0000:00:01.1: legacy IDE quirk: reg 0x14: [io  0x03f6]
[    0.472558] pci 0000:00:01.1: legacy IDE quirk: reg 0x18: [io  0x0170-0x0177]
[    0.473774] pci 0000:00:01.1: legacy IDE quirk: reg 0x1c: [io  0x0376]
[    0.509771] pci 0000:00:07.0: quirk: [io  0x4000-0x403f] claimed by PIIX4 ACPI
[    0.511231] pci 0000:00:07.0: quirk: [io  0x4100-0x410f] claimed by PIIX4 SMB
[    0.521719] ACPI: PCI Interrupt Link [LNKA] (IRQs 5 9 10 *11)
[    0.523246] ACPI: PCI Interrupt Link [LNKB] (IRQs 5 9 *10 11)
[    0.524620] ACPI: PCI Interrupt Link [LNKC] (IRQs 5 *9 10 11)
[    0.526013] ACPI: PCI Interrupt Link [LNKD] (IRQs 5 9 10 *11)
[    0.527423] ACPI: Enabled 2 GPEs in block 00 to 07
[    0.528542] vgaarb: setting as boot device: PCI:0000:00:02.0
[    0.529541] vgaarb: device added: PCI:0000:00:02.0,decodes=io+mem,owns=io+mem,locks=none
[    0.531140] vgaarb: loaded
[    0.531755] vgaarb: bridge control possible 0000:00:02.0
[    0.532868] SCSI subsystem initialized
[    0.533685] ACPI: bus type USB registered
[    0.534514] usbcore: registered new interface driver usbfs
[    0.535512] usbcore: registered new interface driver hub
[    0.536474] usbcore: registered new device driver usb
[    0.537538] PCI: Using ACPI for IRQ routing
[    0.538579] NetLabel: Initializing
[    0.539289] NetLabel:  domain hash size = 128
[    0.540115] NetLabel:  protocols = UNLABELED CIPSOv4
[    0.541055] NetLabel:  unlabeled traffic allowed by default
[    0.542157] amd_nb: Cannot enumerate AMD northbridges
[    0.543111] clocksource: Switched to clocksource kvm-clock
[    0.549301] AppArmor: AppArmor Filesystem Enabled
[    0.550236] pnp: PnP ACPI init
[    0.551545] pnp: PnP ACPI: found 3 devices
[    0.560581] clocksource: acpi_pm: mask: 0xffffff max_cycles: 0xffffff, max_idle_ns: 2085701024 ns
[    0.562271] NET: Registered protocol family 2
[    0.563230] TCP established hash table entries: 32768 (order: 6, 262144 bytes)
[    0.564690] TCP bind hash table entries: 32768 (order: 7, 524288 bytes)
[    0.566227] TCP: Hash tables configured (established 32768 bind 32768)
[    0.567377] UDP hash table entries: 2048 (order: 4, 65536 bytes)
[    0.568454] UDP-Lite hash table entries: 2048 (order: 4, 65536 bytes)
[    0.569617] NET: Registered protocol family 1
[    0.570453] pci 0000:00:00.0: Limiting direct PCI/PCI transfers
[    0.571492] pci 0000:00:01.0: Activating ISA DMA hang workarounds
[    0.572665] Unpacking initramfs...
[    0.724382] Freeing initrd memory: 14796K
[    0.725206] PCI-DMA: Using software bounce buffering for IO (SWIOTLB)
[    0.726299] software IO TLB [mem 0xdbff0000-0xdfff0000] (64MB) mapped at [ffff8800dbff0000-ffff8800dffeffff]
[    0.728210] platform rtc_cmos: registered platform RTC device (no PNP device found)
[    0.729732] Scanning for low memory corruption every 60 seconds
[    0.731040] audit: initializing netlink subsys (disabled)
[    0.732028] audit: type=2000 audit(1547953591.729:1): initialized
[    0.733276] Initialise system trusted keyring
[    0.734214] HugeTLB registered 2 MB page size, pre-allocated 0 pages
[    0.736280] zbud: loaded
[    0.737116] VFS: Disk quotas dquot_6.6.0
[    0.737900] VFS: Dquot-cache hash table entries: 512 (order 0, 4096 bytes)
[    0.739235] squashfs: version 4.0 (2009/01/31) Phillip Lougher
[    0.740513] fuse init (API version 7.23)
[    0.741409] Key type big_key registered
[    0.742161] Allocating IMA MOK and blacklist keyrings.
[    0.743876] Key type asymmetric registered
[    0.744673] Asymmetric key parser 'x509' registered
[    0.745606] Block layer SCSI generic (bsg) driver version 0.4 loaded (major 249)
[    0.747063] io scheduler noop registered
[    0.747851] io scheduler deadline registered (default)
[    0.748807] io scheduler cfq registered
[    0.749638] pci_hotplug: PCI Hot Plug PCI Core version: 0.5
[    0.750627] pciehp: PCI Express Hot Plug Controller Driver version: 0.4
[    0.751869] ACPI: AC Adapter [AC] (on-line)
[    0.752749] input: Power Button as /devices/LNXSYSTM:00/LNXPWRBN:00/input/input0
[    0.754204] ACPI: Power Button [PWRF]
[    0.754982] input: Sleep Button as /devices/LNXSYSTM:00/LNXSLPBN:00/input/input1
[    0.756399] ACPI: Sleep Button [SLPF]
[    0.757275] GHES: HEST is not enabled!
[    0.758118] Serial: 8250/16550 driver, 32 ports, IRQ sharing enabled
[    0.780901] 00:02: ttyS0 at I/O 0x3f8 (irq = 4, base_baud = 115200) is a 16550A
[    0.784190] Linux agpgart interface v0.103
[    0.786353] loop: module loaded
[    0.787469] scsi host0: ata_piix
[    0.788260] scsi host1: ata_piix
[    0.788973] ata1: PATA max UDMA/33 cmd 0x1f0 ctl 0x3f6 bmdma 0xd000 irq 14
[    0.790143] ata2: PATA max UDMA/33 cmd 0x170 ctl 0x376 bmdma 0xd008 irq 15
[    0.791403] libphy: Fixed MDIO Bus: probed
[    0.792181] tun: Universal TUN/TAP device driver, 1.6
[    0.793117] tun: (C) 1999-2004 Max Krasnyansky <maxk@qualcomm.com>
[    0.794257] PPP generic driver version 2.4.2
[    0.795161] ehci_hcd: USB 2.0 'Enhanced' Host Controller (EHCI) Driver
[    0.796303] ehci-pci: EHCI PCI platform driver
[    0.797125] ehci-platform: EHCI generic platform driver
[    0.798087] ohci_hcd: USB 1.1 'Open' Host Controller (OHCI) Driver
[    0.799166] ohci-pci: OHCI PCI platform driver
[    0.800053] ohci-platform: OHCI generic platform driver
[    0.801011] uhci_hcd: USB Universal Host Controller Interface driver
[    0.802166] i8042: PNP: PS/2 Controller [PNP0303:PS2K,PNP0f03:PS2M] at 0x60,0x64 irq 1,12
[    0.804111] serio: i8042 KBD port at 0x60,0x64 irq 1
[    0.805036] serio: i8042 AUX port at 0x60,0x64 irq 12
[    0.806125] mousedev: PS/2 mouse device common for all mice
[    0.807407] input: AT Translated Set 2 keyboard as /devices/platform/i8042/serio0/input/input2
[    0.809325] rtc_cmos rtc_cmos: rtc core: registered rtc_cmos as rtc0
[    0.810448] rtc_cmos rtc_cmos: alarms up to one day, 114 bytes nvram
[    0.811557] i2c /dev entries driver
[    0.812314] device-mapper: uevent: version 1.0.3
[    0.813264] device-mapper: ioctl: 4.34.0-ioctl (2015-10-28) initialised: dm-devel@redhat.com
[    0.814846] ledtrig-cpu: registered to indicate activity on CPUs
[    0.816254] NET: Registered protocol family 10
[    0.817242] NET: Registered protocol family 17
[    0.818092] Key type dns_resolver registered
[    0.819225] registered taskstats version 1
[    0.820055] Loading compiled-in X.509 certificates
[    0.821321] Loaded X.509 cert 'Build time autogenerated kernel key: 7c9fb337b82e5a343493fe891c556beae1895c7c'
[    0.823146] zswap: loaded using pool lzo/zbud
[    0.825190] Key type trusted registered
[    0.828003] Key type encrypted registered
[    0.828794] AppArmor: AppArmor sha1 policy hashing enabled
[    0.829765] ima: No TPM chip found, activating TPM-bypass!
[    0.830771] ima: Allocated hash algorithm: sha1
[    0.831644] evm: HMAC attrs: 0x1
[    0.832530]   Magic number: 3:850:108
[    0.833333] rtc_cmos rtc_cmos: setting system clock to 2019-01-20 03:06:27 UTC (1547953587)
[    0.834999] BIOS EDD facility v0.16 2004-Jun-25, 0 devices found
[    0.836078] EDD information not available.
[    0.948473] Freeing unused kernel memory: 1528K
[    0.949354] Write protecting the kernel read-only data: 14336k
[    0.950657] Freeing unused kernel memory: 1660K
[    0.951702] Freeing unused kernel memory: 88K
Loading, please wait...
starting version 229
[    0.960791] random: systemd-udevd: uninitialized urandom read (16 bytes read, 3 bits of entropy available)
[    0.961188] random: udevadm: uninitialized urandom read (16 bytes read, 3 bits of entropy available)
[    0.961199] random: udevadm: uninitialized urandom read (16 bytes read, 3 bits of entropy available)
[    0.966025] random: systemd-udevd: uninitialized urandom read (16 bytes read, 3 bits of entropy available)
[    0.967627] random: udevadm: uninitialized urandom read (16 bytes read, 3 bits of entropy available)
[    0.967654] random: udevadm: uninitialized urandom read (16 bytes read, 3 bits of entropy available)
[    0.967751] random: udevadm: uninitialized urandom read (16 bytes read, 3 bits of entropy available)
[    0.967787] random: udevadm: uninitialized urandom read (16 bytes read, 3 bits of entropy available)
[    0.967821] random: udevadm: uninitialized urandom read (16 bytes read, 3 bits of entropy available)
[    0.967857] random: udevadm: uninitialized urandom read (16 bytes read, 3 bits of entropy available)
[    0.999290] e1000: Intel(R) PRO/1000 Network Driver - version 7.3.21-k8-NAPI
[    1.002454] e1000: Copyright (c) 1999-2006 Intel Corporation.
[    1.005477] Fusion MPT base driver 3.04.20
[    1.006283] Copyright (c) 1999-2008 LSI Corporation
[    1.018987] AVX2 version of gcm_enc/dec engaged.
[    1.019898] AES CTR mode by8 optimization enabled
[    1.026693] Fusion MPT SPI Host driver 3.04.20
[    1.220174] input: ImExPS/2 Generic Explorer Mouse as /devices/platform/i8042/serio1/input/input4
[    1.354714] e1000 0000:00:03.0 eth0: (PCI:33MHz:32-bit) 02:5e:78:ae:6e:b0
[    1.355942] e1000 0000:00:03.0 eth0: Intel(R) PRO/1000 Network Connection
[    1.357657] e1000 0000:00:03.0 enp0s3: renamed from eth0
[    1.358755] mptbase: ioc0: Initiating bringup
[    1.801825] tsc: Refined TSC clocksource calibration: 4199.501 MHz
[    1.802935] clocksource: tsc: mask: 0xffffffffffffffff max_cycles: 0x3c8889d06c1, max_idle_ns: 440795313813 ns
[    1.814413] ioc0: LSI53C1030 A0: Capabilities={Initiator}
[    2.886867] scsi host2: ioc0: LSI53C1030 A0, FwRev=00000000h, Ports=1, MaxQ=256, IRQ=20
[    3.831249] scsi 2:0:0:0: Direct-Access     VBOX     HARDDISK         1.0  PQ: 0 ANSI: 5
[    3.832797] scsi target2:0:0: Beginning Domain Validation
[    3.834479] scsi target2:0:0: Domain Validation skipping write tests
[    3.835606] scsi target2:0:0: Ending Domain Validation
[    3.836556] scsi target2:0:0: asynchronous
[    3.837615] scsi 2:0:1:0: Direct-Access     VBOX     HARDDISK         1.0  PQ: 0 ANSI: 5
[    3.839177] scsi target2:0:1: Beginning Domain Validation
[    3.840814] scsi target2:0:1: Domain Validation skipping write tests
[    3.841896] scsi target2:0:1: Ending Domain Validation
[    3.842869] scsi target2:0:1: asynchronous
[    3.846797] sd 2:0:0:0: [sda] 41943040 512-byte logical blocks: (21.5 GB/20.0 GiB)
[    3.846925] sd 2:0:0:0: Attached scsi generic sg0 type 0
[    3.847254] sd 2:0:1:0: Attached scsi generic sg1 type 0
[    3.847426] sd 2:0:1:0: [sdb] 20480 512-byte logical blocks: (10.5 MB/10.0 MiB)
[    3.847559] sd 2:0:1:0: [sdb] Write Protect is off
[    3.847642] sd 2:0:1:0: [sdb] Incomplete mode parameter data
[    3.847643] sd 2:0:1:0: [sdb] Assuming drive cache: write through
[    3.849618] sd 2:0:1:0: [sdb] Attached SCSI disk
[    3.855869] sd 2:0:0:0: [sda] Write Protect is off
[    3.856879] sd 2:0:0:0: [sda] Incomplete mode parameter data
[    3.858040] sd 2:0:0:0: [sda] Assuming drive cache: write through
[    3.860161]  sda: sda1
[    3.861233] sd 2:0:0:0: [sda] Attached SCSI disk
Begin: Loading essential drivers ... [    5.189727] md: linear personality registered for level -1
[    5.192338] md: multipath personality registered for level -4
[    5.194840] md: raid0 personality registered for level 0
[    5.197526] md: raid1 personality registered for level 1
[    5.271463] raid6: sse2x1   gen() 14431 MB/s
[    5.339313] raid6: sse2x1   xor() 11541 MB/s
[    5.407120] raid6: sse2x2   gen() 18111 MB/s
[    5.475451] raid6: sse2x2   xor() 13152 MB/s
[    5.543274] raid6: sse2x4   gen() 21633 MB/s
[    5.611125] raid6: sse2x4   xor() 14405 MB/s
[    5.679433] raid6: avx2x1   gen() 31264 MB/s
[    5.747740] raid6: avx2x2   gen() 35773 MB/s
[    5.815121] raid6: avx2x4   gen() 38628 MB/s
[    5.815941] raid6: using algorithm avx2x4 gen() 38628 MB/s
[    5.816929] raid6: using avx2x2 recovery algorithm
[    5.818701] xor: automatically using best checksumming function:
[    5.859505]    avx       : 35237.000 MB/sec
[    5.861134] async_tx: api initialized (async)
[    5.866683] md: raid6 personality registered for level 6
[    5.867704] md: raid5 personality registered for level 5
[    5.868671] md: raid4 personality registered for level 4
[    5.872763] md: raid10 personality registered for level 10
done.
Begin: Running /scripts/init-premount ... done.
Begin: Mounting root file system ... Begin: Running /scripts/local-top ... done.
Begin: Running /scripts/local-premount ... [    5.894946] Btrfs loaded
Scanning for Btrfs filesystems
done.
Warning: fsck not present, so skipping root file system
[    5.916438] EXT4-fs (sda1): mounted filesystem with ordered data mode. Opts: (null)
done.
Begin: Running /scripts/local-bottom ... done.
Begin: Running /scripts/init-bottom ... done.
[    6.006689] systemd[1]: systemd 229 running in system mode. (+PAM +AUDIT +SELINUX +IMA +APPARMOR +SMACK +SYSVINIT +UTMP +LIBCRYPTSETUP +GCRYPT +GNUTLS +ACL +XZ -LZ4 +SECCOMP +BLKID +ELFUTILS +KMOD -IDN)
[    6.009800] systemd[1]: Detected virtualization oracle.
[    6.010775] systemd[1]: Detected architecture x86-64.

Welcome to [1mUbuntu 16.04.5 LTS[0m!

[    6.014476] systemd[1]: Set hostname to <ubuntu>.
[    6.018387] systemd[1]: Initializing machine ID from random generator.
[    6.019559] systemd[1]: Installed transient /etc/machine-id file.
[    6.129519] systemd[1]: Reached target Encrypted Volumes.
[[0;32m  OK  [0m] Reached target Encrypted Volumes.
[    6.131460] systemd[1]: Listening on Syslog Socket.
[[0;32m  OK  [0m] Listening on Syslog Socket.
[    6.133169] systemd[1]: Started Trigger resolvconf update for networkd DNS.
[[0;32m  OK  [0m] Started Trigger resolvconf update for networkd DNS.
[    6.135385] systemd[1]: Reached target User and Group Name Lookups.
[[0;32m  OK  [0m] Reached target User and Group Name Lookups.
[    6.137527] systemd[1]: Listening on LVM2 metadata daemon socket.
[[0;32m  OK  [0m] Listening on LVM2 metadata daemon socket.
[    6.139569] systemd[1]: Reached target Swap.
[[0;32m  OK  [0m] Reached target Swap.
[    6.141133] systemd[1]: Listening on udev Control Socket.
[[0;32m  OK  [0m] Listening on udev Control Socket.
[    6.142983] systemd[1]: Listening on /dev/initctl Compatibility Named Pipe.
[[0;32m  OK  [0m] Listening on /dev/initctl Compatibility Named Pipe.
[    6.145257] systemd[1]: Listening on Journal Socket.
[[0;32m  OK  [0m] Listening on Journal Socket.
[    6.147118] systemd[1]: Set up automount Arbitrary Executable File Formats File System Automount Point.
[[0;32m  OK  [0m] Set up automount Arbitrary Executab...ats File System Automount Point.
[    6.150076] systemd[1]: Listening on Journal Socket (/dev/log).
[[0;32m  OK  [0m] Listening on Journal Socket (/dev/log).
[    6.152098] systemd[1]: Listening on Journal Audit Socket.
[[0;32m  OK  [0m] Listening on Journal Audit Socket.
[    6.154198] systemd[1]: Created slice System Slice.
[[0;32m  OK  [0m] Created slice System Slice.
[    6.171423] systemd[1]: Starting Nameserver information manager...
         Starting Nameserver information manager...
[    6.173878] systemd[1]: Starting Uncomplicated firewall...
         Starting Uncomplicated firewall...
[    6.176933] systemd[1]: Starting Load Kernel Modules...
         Starting Load Kernel Modules...
[    6.178866] systemd[1]: Created slice system-serial\x2dgetty.slice.
[[0;32m  OK  [0m] Created slice system-serial\x2dgetty.slice.
[    6.181778] systemd[1]: Starting Journal Service...
         Starting Journal Service...
[    6.185185] Loading iSCSI transport class v2.0-870.
[    6.185344] systemd[1]: Starting Set console keymap...
         Starting Set console keymap...
[    6.188694] systemd[1]: Mounting POSIX Message Queue File System...
         Mounting POSIX Message Queue File System...
[    6.191554] systemd[1]: Mounting Huge Pages File System...
         Mounting Huge Pages File System...
[    6.193935] systemd[1]: Listening on LVM2 poll daemon socket.
[    6.195215] iscsi: registered transport (tcp)
[[0;32m  OK  [0m] Listening on LVM2 poll daemon socket.
[    6.197146] systemd[1]: Listening on udev Kernel Socket.
[[0;32m  OK  [0m] Listening on udev Kernel Socket.
[    6.199576] systemd[1]: Mounting Debug File System...
         Mounting Debug File System...
[    6.202453] systemd[1]: Created slice User and Session Slice.
[[0;32m  OK  [0m] Created slice User and Session Slice.
[    6.204474] systemd[1]: Reached target Slices.
[[0;32m  OK  [0m] Reached target Slices.
[    6.206208] systemd[1]: Started Forward Password Requests to Wall Directory Watch.
[[0;32m  OK  [0m] Started Forward Password Requests to Wall Directory Watch.
[    6.209236] systemd[1]: Starting Create list of required static device nodes for the current kernel...
         Starting Create list of required st... nodes for the current kernel...
[    6.212118] systemd[1]: Listening on Device-mapper event daemon FIFOs.
[[0;32m  OK  [0m] Listening on Device-mapper event daemon FIFOs.
[    6.215797] systemd[1]: Starting Monitoring of LVM2 mirrors, snapshots etc. using dmeventd or progress polling...
         Starting Monitoring of LVM2 mirrors... dmeventd or progress polling...
[    6.219214] systemd[1]: Starting Remount Root and Kernel File Systems...
         Starting Remount Root and Kernel File Systems...
[    6.221624] systemd[1]: Reached target System Time Synchronized.
[    6.224950] EXT4-fs (sda1): re-mounted. Opts: (null)
[[0;32m  OK  [0m] Reached target System Time Synchronized.
[    6.228984] systemd[1]: Mounted Huge Pages File System.
[[0;32m  OK  [0m] Mounted Huge Pages File System.
[    6.231288] systemd[1]: Mounted POSIX Message Queue File System.
[[0;32m  OK  [0m] Mounted POSIX Message Queue File System.
[    6.233402] systemd[1]: Mounted Debug File System.
[[0;32m  OK  [0m] Mounted Debug File System.
[    6.235971] systemd[1]: Started Journal Service.
[[0;32m  OK  [0m] Started Journal Service.
[[0;32m  OK  [0m] Started Uncomplicated firewall.
[[0;32m  OK  [0m] Started Create list of required sta...ce nodes for the current kernel.
[[0;32m  OK  [0m] Started Remount Root and Kernel File Systems.
[[0;32m  OK  [0m] Started Nameserver information manager.
[    6.249373] iscsi: registered transport (iser)
[[0;32m  OK  [0m] Started Load Kernel Modules.
         Mounting FUSE Control File System...
         Starting Apply Kernel Variables...
[[0;32m  OK  [0m] Started LVM2 metadata daemon.
         Starting udev Coldplug all Devices...
         Starting Load/Save Random Seed...
         Starting Create Static Device Nodes in /dev...
         Starting Flush Journal to Persistent Storage...
[[0;32m  OK  [0m] Mounted FUSE Control File System.
[[0;32m  OK  [0m] Started Apply Kernel Variables.
[[0;32m  OK  [0m] Started Load/Save Random Seed.
[[0;32m  OK  [0m] Started Create Static Device Nodes in /dev.
[[0;32m  OK  [0m] Started Set console keymap.
[[0;32m  OK  [0m] Started udev Coldplug all Devices.
[[0;32m  OK  [0m] Started Flush Journal to Persistent Storage.
         Starting udev Kernel Device Manager...
[[0;32m  OK  [0m] Started udev Kernel Device Manager.
[[0;32m  OK  [0m] Started Dispatch Password Requests to Console Directory Watch.
[[0;32m  OK  [0m] Started Monitoring of LVM2 mirrors,...ng dmeventd or progress polling.
[[0;32m  OK  [0m] Reached target Local File Systems (Pre).
[[0;32m  OK  [0m] Reached target Local File Systems.
         Starting Commit a transient machine-id on disk...
         Starting Initial cloud-init job (pre-networking)...
         Starting Tell Plymouth To Write Out Runtime Data...
         Starting LSB: AppArmor initialization...
         Starting Create Volatile Files and Directories...
         Starting Set console font and keymap...
[[0;32m  OK  [0m] Started Tell Plymouth To Write Out Runtime Data.
[[0;32m  OK  [0m] Started Create Volatile Files and Directories.
[[0;32m  OK  [0m] Started Commit a transient machine-id on disk.
[[0;32m  OK  [0m] Found device /dev/ttyS0.
         Starting Update UTMP about System Boot/Shutdown...
[[0;32m  OK  [0m] Started Update UTMP about System Boot/Shutdown.
[[0;32m  OK  [0m] Listening on Load/Save RF Kill Switch Status /dev/rfkill Watch.
[    7.240772] cloud-init[493]: Cloud-init v. 18.4-0ubuntu1~16.04.2 running 'init-local' at Sun, 20 Jan 2019 03:06:33 +0000. Up 6.90 seconds.
[[0;32m  OK  [0m] Started Initial cloud-init job (pre-networking).
[[0;32m  OK  [0m] Reached target Network (Pre).
[[0;32m  OK  [0m] Started Set console font and keymap.
[[0;32m  OK  [0m] Created slice system-getty.slice.
[[0;32m  OK  [0m] Started LSB: AppArmor initialization.
         Starting Raise network interfaces...
[[0;32m  OK  [0m] Started Raise network interfaces.
         Starting Initial cloud-init job (metadata service crawler)...
[[0;32m  OK  [0m] Reached target Network.
[    8.593864] cloud-init[931]: Cloud-init v. 18.4-0ubuntu1~16.04.2 running 'init' at Sun, 20 Jan 2019 03:06:35 +0000. Up 8.10 seconds.
[    8.595711] cloud-init[931]: ci-info: ++++++++++++++++++++++++++++++++++++++Net device info++++++++++++++++++++++++++++++++++++++
[    8.597649] cloud-init[931]: ci-info: +--------+------+----------------------------+---------------+--------+-------------------+
[    8.599378] cloud-init[931]: ci-info: | Device |  Up  |          Address           |      Mask     | Scope  |     Hw-Address    |
[    8.601144] cloud-init[931]: ci-info: +--------+------+----------------------------+---------------+--------+-------------------+
[    8.602879] cloud-init[931]: ci-info: | enp0s3 | True |         10.0.2.15          | 255.255.255.0 | global | 02:5e:78:ae:6e:b0 |
[    8.604612] cloud-init[931]: ci-info: | enp0s3 | True | fe80::5e:78ff:feae:6eb0/64 |       .       |  link  | 02:5e:78:ae:6e:b0 |
[    8.606360] cloud-init[931]: ci-info: |   lo   | True |         127.0.0.1          |   255.0.0.0   |  host  |         .         |
[    8.608090] cloud-init[931]: ci-info: |   lo   | True |          ::1/128           |       .       |  host  |         .         |
[    8.609832] cloud-init[931]: ci-info: +--------+------+----------------------------+---------------+--------+-------------------+
[    8.611545] cloud-init[931]: ci-info: +++++++++++++++++++++++++++Route IPv4 info++++++++++++++++++++++++++++
[    8.613069] cloud-init[931]: ci-info: +-------+-------------+----------+---------------+-----------+-------+
[    8.614601] cloud-init[931]: ci-info: | Route | Destination | Gateway  |    Genmask    | Interface | Flags |
[    8.616187] cloud-init[931]: ci-info: +-------+-------------+----------+---------------+-----------+-------+
[    8.617709] cloud-init[931]: ci-info: |   0   |   0.0.0.0   | 10.0.2.2 |    0.0.0.0    |   enp0s3  |   UG  |
[    8.619210] cloud-init[931]: ci-info: |   1   |   10.0.2.0  | 0.0.0.0  | 255.255.255.0 |   enp0s3  |   U   |
[    8.620743] cloud-init[931]: ci-info: +-------+-------------+----------+---------------+-----------+-------+
[    8.622236] cloud-init[931]: ci-info: +++++++++++++++++++Route IPv6 info+++++++++++++++++++
[    8.623581] cloud-init[931]: ci-info: +-------+-------------+---------+-----------+-------+
[    8.624903] cloud-init[931]: ci-info: | Route | Destination | Gateway | Interface | Flags |
[    8.626237] cloud-init[931]: ci-info: +-------+-------------+---------+-----------+-------+
[    8.627698] cloud-init[931]: ci-info: |   0   |  fe80::/64  |    ::   |   enp0s3  |   U   |
[    8.629126] cloud-init[931]: ci-info: |   3   |   ff00::/8  |    ::   |   enp0s3  |   U   |
[    8.630465] cloud-init[931]: ci-info: +-------+-------------+---------+-----------+-------+
[    8.631813] cloud-init[931]: Generating public/private rsa key pair.
[    8.632916] cloud-init[931]: Your identification has been saved in /etc/ssh/ssh_host_rsa_key.
[    8.634416] cloud-init[931]: Your public key has been saved in /etc/ssh/ssh_host_rsa_key.pub.
[    8.635837] cloud-init[931]: The key fingerprint is:
[    8.636801] cloud-init[931]: SHA256:wHCdfuxDmo+mjA6w5G3kqDcEnz1rgOuT6Rvj58PHlxw root@ubuntu-xenial
[    8.638279] cloud-init[931]: The key's randomart image is:
[    8.639361] cloud-init[931]: +---[RSA 2048]----+
[    8.640318] cloud-init[931]: |    . .. .       |
[    8.641232] cloud-init[931]: |     +  o        |
[    8.642155] cloud-init[931]: |      o. .       |
[    8.643156] cloud-init[931]: |.      .. +      |
[    8.644280] cloud-init[931]: |.= +    S*       |
[    8.647363] cloud-init[931]: |+oX o  Eo o      |
[    8.655276] cloud-init[931]: |.B==.o. oo .     |
[    8.658130] cloud-init[931]: |++*=o= +o .      |
[    8.659056] cloud-init[931]: |+*=== +o         |
[    8.674712] cloud-init[931]: +----[SHA256]-----+
[    8.675750] cloud-init[931]: Generating public/private dsa key pair.
[    8.676884] cloud-init[931]: Your identification has been saved in /etc/ssh/ssh_host_dsa_key.
[    8.678255] cloud-init[931]: Your public key has been saved in /etc/ssh/ssh_host_dsa_key.pub.
[    8.679618] cloud-init[931]: The key fingerprint is:
[    8.680588] cloud-init[931]: SHA256:WFZhx0mDfZkDIBRDMiOlKlL/xBhJSFaLmYRqeSa9oYk root@ubuntu-xenial
[    8.682000] cloud-init[931]: The key's randomart image is:
[    8.682981] cloud-init[931]: +---[DSA 1024]----+
[    8.683901] cloud-init[931]: | o+o+.=o*.=B=o o |
[    8.684843] cloud-init[931]: |.o.= = + =..+.=  |
[    8.685753] cloud-init[931]: |. B =   o    . . |
[    8.686652] cloud-init[931]: |.= B + +         |
[    8.687544] cloud-init[931]: |= B = + S        |
[    8.688522] cloud-init[931]: |E+ . o           |
[    8.689450] cloud-init[931]: |      .          |
[    8.690430] cloud-init[931]: |                 |
[    8.691335] cloud-init[931]: |                 |
[    8.692234] cloud-init[931]: +----[SHA256]-----+
[    8.693146] cloud-init[931]: Generating public/private ecdsa key pair.
[    8.694265] cloud-init[931]: Your identification has been saved in /etc/ssh/ssh_host_ecdsa_key.
[    8.695654] cloud-init[931]: Your public key has been saved in /etc/ssh/ssh_host_ecdsa_key.pub.
[    8.697016] cloud-init[931]: The key fingerprint is:
[    8.697945] cloud-init[931]: SHA256:21nILUqhlYPA4tympeCwFJq0xDS/JShoL1k0p7lSZaE root@ubuntu-xenial
[    8.699515] cloud-init[931]: The key's randomart image is:
[    8.700511] cloud-init[931]: +---[ECDSA 256]---+
[    8.716236] [[0;32m  OK  [0m] Started Initial cloud-init job (metadata service crawler).
cloud-init[931]: [[0;32m  OK  [0m] Reached target Network is Online.
|oo +.=.          |
[    8.718666] cloud-init[931]: |.=* X. . .       |
[    8.719813] cloud-init[931]: |**oE .. =        |
[    8.720981] cloud-init[931]: |BoB O  o + o     |
[    8.722117] cloud-init[931]: |+* O  . S + o    |
[    8.723242] cloud-init[931]: |..=    . + +     |
[    8.724380] cloud-init[931]: |        o o      |
[    8.725516] cloud-init[931]: |                 |
[    8.726649] cloud-init[931]: |                 |
[    8.727811]          Starting iSCSI initiator daemon (iscsid)...
[[0;32m  OK  [0m] Reached target System Initialization.
cloud-init         Starting LXD - unix socket.
[[0;32m  OK  [0m] Listening on ACPID Listen Socket.
[931]: +----[SHA256]-----+
[    8.731928] cloud-init[931]: Generating public/private ed25519 key pair.
[    8.733081] cloud-init[931]: Your identification has been saved in /etc/ssh/ssh_host_ed25519_key.
[[    8.734340] cloud-init[931]: Your public key has been saved in /etc/ssh/ssh_host_ed25519_key.pub.
[    8.734421] cloud-init[931]: The key fingerprint is:
[    8.734563] cloud-init[931]: SHA256:Ot9eiICP8Zx/vkzTRiY7wFfMU19dLZPEV5n+uI7rZJk root@ubuntu-xenial
[    8.734725] cloud-init[931]: The key's randomart image is:
[    8.734867] cloud-init[931]: +--[ED25519 256]--+
[    8.735018] cloud-init[931]: |             oo.@|
[    8.735168] cloud-init[931]: |           o .=+=|
[    8.735313] cloud-init[931]: |            = .+.|
[    8.735465] cloud-init[931]: |     . .   . . . |
[    8.735626] cloud-init[931]: |    o . S o o  ..|
[    8.735772] cloud-init[931]: |     * + + B o. .|
[    8.735924] cloud-init[931]: |    . B . * E  . |
[    8.736241] cloud-init[931]: |       + +.B ..  |
[    8.736400] cloud-init[931]: |        o+*o+o.  |
[    8.736541] cloud-init[931]: +----[SHA256]-----+
[0;32m  OK  [0m] Started ACPI Events Check.
[[0;32m  OK  [0m] Reached target Paths.
[[0;32m  OK  [0m] Started Daily Cleanup of Temporary Directories.
[[0;32m  OK  [0m] Listening on D-Bus System Message Bus Socket.
[[0;32m  OK  [0m] Started Daily apt download activities.
[[0;32m  OK  [0m] Started Daily apt upgrade and clean activities.
[[0;32m  OK  [0m] Reached target Timers.
         Starting Socket activation for snappy daemon.
[[0;32m  OK  [0m] Listening on UUID daemon activation socket.
[[0;32m  OK  [0m] Reached target Cloud-config availability.
[[0;32m  OK  [0m] Listening on LXD - unix socket.
[[0;32m  OK  [0m] Listening on Socket activation for snappy daemon.
[[0;32m  OK  [0m] Started iSCSI initiator daemon (iscsid).
         Starting Login to default iSCSI targets...
[[0;32m  OK  [0m] Reached target Sockets.
[[0;32m  OK  [0m] Reached target Basic System.
         Starting LSB: MD monitoring daemon...
         Starting Login Service...
[[0;32m  OK  [0m] Started ACPI event daemon.
         Starting Pollinate to seed the pseudo random number generator...
[[0;32m  OK  [0m] Started Unattended Upgrades Shutdown.
[[0;32m  OK  [0m] Started FUSE filesystem for LXC.
         Starting Virtualbox guest utils...
         Starting System Logging Service...
         Starting LXD - container startup/shutdown...
[[0;32m  OK  [0m] Started D-Bus System Message Bus.
         Starting Accounts Service...
         Starting /etc/rc.local Compatibility...
[[0;32m  OK  [0m] Started Regular background program processing daemon.
[[0;32m  OK  [0m] Started Deferred execution scheduler.
         Starting Snappy daemon...
         Starting LSB: Record successful boot for GRUB...
[[0;32m  OK  [0m] Started System Logging Service.
[[0;32m  OK  [0m] Started /etc/rc.local Compatibility.
[[0;32m  OK  [0m] Started LSB: MD monitoring daemon.
[[0;32m  OK  [0m] Started Login to default iSCSI targets.
[[0;32m  OK  [0m] Started LXD - container startup/shutdown.
[[0;32m  OK  [0m] Started LSB: Record successful boot for GRUB.
[[0;32m  OK  [0m] Started Login Service.
         Starting Authenticate and Authorize Users to Run Privileged Tasks...
[[0;32m  OK  [0m] Reached target Remote File Systems (Pre).
[[0;32m  OK  [0m] Reached target Remote File Systems.
         Starting LSB: automatic crash report generation...
         Starting LSB: Set the CPU Frequency Scaling governor to "ondemand"...
         Starting Permit User Sessions...
         Starting LSB: daemon to balance interrupts for SMP systems...
[[0;32m  OK  [0m] Started Virtualbox guest utils.
[[0;32m  OK  [0m] Started Permit User Sessions.
         Starting Hold until boot process finishes up...
         Starting Terminate Plymouth Boot Screen...
[[0;32m  OK  [0m] Started Hold until boot process finishes up.
[[0;32m  OK  [0m] Started Authenticate and Authorize Users to Run Privileged Tasks.
[[0;32m  OK  [0m] Started LSB: Set the CPU Frequency Scaling governor to "ondemand".
[[0;32m  OK  [0m] Started Accounts Service.
[[0;32m  OK  [0m] Started Terminate Plymouth Boot Screen.
         Starting Set console scheme...
[[0;32m  OK  [0m] Started Serial Getty on ttyS0.
[[0;32m  OK  [0m] Started Getty on tty1.
[[0;32m  OK  [0m] Reached target Login Prompts.
[[0;32m  OK  [0m] Started LSB: automatic crash report generation.
[[0;32m  OK  [0m] Started LSB: daemon to balance interrupts for SMP systems.
[[0;32m  OK  [0m] Started Set console scheme.
[[0;32m  OK  [0m] Started Snappy daemon.
         Starting Wait until snapd is fully seeded...
[[0;32m  OK  [0m] Started Pollinate to seed the pseudo random number generator.
         Starting OpenBSD Secure Shell server...
[[0;32m  OK  [0m] Started OpenBSD Secure Shell server.
[[0;32m  OK  [0m] Created slice User Slice of vagrant.
         Starting User Manager for UID 1000...
[[0;32m  OK  [0m] Started Session 1 of user vagrant.
[[0;32m  OK  [0m] Started User Manager for UID 1000.

Ubuntu 16.04.5 LTS ubuntu-xenial ttyS0

ubuntu-xenial login: [   19.531168] cloud-init[1577]: Generating locales (this might take a while)...
[   20.207974] cloud-init[1577]:   en_US.UTF-8... done
[   20.208644] cloud-init[1577]: Generation complete.
[   20.424286] cloud-init[1577]: Cloud-init v. 18.4-0ubuntu1~16.04.2 running 'modules:config' at Sun, 20 Jan 2019 03:06:46 +0000. Up 19.44 seconds.
[[0;32m  OK  [0m] Started ACPI event daemon.
[[0;32m  OK  [0m] Started ACPI event daemon.
[[0;32m  OK  [0m] Started ACPI event daemon.
[[0;32m  OK  [0m] Started ACPI event daemon.
[[0;32m  OK  [0m] Started ACPI event daemon.
ci-info: no authorized ssh keys fingerprints found for user ubuntu.
<14>Jan 20 03:06:47 ec2: 
<14>Jan 20 03:06:47 ec2: #############################################################
<14>Jan 20 03:06:47 ec2: -----BEGIN SSH HOST KEY FINGERPRINTS-----
<14>Jan 20 03:06:47 ec2: 1024 SHA256:WFZhx0mDfZkDIBRDMiOlKlL/xBhJSFaLmYRqeSa9oYk root@ubuntu-xenial (DSA)
<14>Jan 20 03:06:47 ec2: 256 SHA256:21nILUqhlYPA4tympeCwFJq0xDS/JShoL1k0p7lSZaE root@ubuntu-xenial (ECDSA)
<14>Jan 20 03:06:47 ec2: 256 SHA256:Ot9eiICP8Zx/vkzTRiY7wFfMU19dLZPEV5n+uI7rZJk root@ubuntu-xenial (ED25519)
<14>Jan 20 03:06:47 ec2: 2048 SHA256:wHCdfuxDmo+mjA6w5G3kqDcEnz1rgOuT6Rvj58PHlxw root@ubuntu-xenial (RSA)
<14>Jan 20 03:06:47 ec2: -----END SSH HOST KEY FINGERPRINTS-----
<14>Jan 20 03:06:47 ec2: #############################################################
-----BEGIN SSH HOST KEY KEYS-----
ecdsa-sha2-nistp256 AAAAE2VjZHNhLXNoYTItbmlzdHAyNTYAAAAIbmlzdHAyNTYAAABBBHar9YCyeaobAVDEZpjv/0f003W5bf06HEAQRuyy8VcxOX8KI3ZyEo8P3qWb3m1MjQUiEeqchKeuGORwoIKHV6I= root@ubuntu-xenial
ssh-ed25519 AAAAC3NzaC1lZDI1NTE5AAAAIPC2Sln2+rsPd+jU7lluFI1ttcmO8ngJqYrnhU2qscuZ root@ubuntu-xenial
ssh-rsa AAAAB3NzaC1yc2EAAAADAQABAAABAQDDzM+YcyHRsJixngFVfSSZJ9ip8xTyWMI3EgUpAmgbIm56FZdWFo7Tf187EcQ9bZCa19R/13PXq5XkEo1kGpPpPcNu2yt+kYWLLS8pU3PcMrSh6pT3JjyT7RPn5hqhIagUs2UnPptXDrR49fLpz2+H5/Qu8AdwWiVZJTA1Ln9f4QVZ/hUJmhmNSJGkJhzabgQCoxDRz/VRpmnjnYahgE0oAUUeH20nwzv/FEmtcjGCd96DHLZLVwWY1esea3TYMWRT8H/cMPvfvlFNraKrBXJyXzEFtg99HK7q+/F7rZnrbWaltdnkAI5NnC8xuy6sxo3vV3sQ0X4x6T/8XQS7hKm9 root@ubuntu-xenial
-----END SSH HOST KEY KEYS-----
[   20.974666] cloud-init[1642]: Cloud-init v. 18.4-0ubuntu1~16.04.2 running 'modules:final' at Sun, 20 Jan 2019 03:06:47 +0000. Up 20.82 seconds.
[   20.974834] cloud-init[1642]: ci-info: no authorized ssh keys fingerprints found for user ubuntu.
[   20.974954] cloud-init[1642]: Cloud-init v. 18.4-0ubuntu1~16.04.2 finished at Sun, 20 Jan 2019 03:06:47 +0000. Datasource DataSourceNoCloud [seed=/dev/sdb][dsmode=net].  Up 20.96 seconds
[[0;32m  OK  [0m] Started Execute cloud user/final scripts.
[[0;32m  OK  [0m] Reached target Cloud-init target.
[[0;32m  OK  [0m] Started ACPI event daemon.
